[
  {
    "id": "ANY",
    "name": "Milosz Planet",
    "is_home": true
  }
]