{
  "address": "ANY",
  "username": "Adrian",
  "tech_id": null,
  "tech_end_time": null
}