{
  "address": "ANY",
  "username": "Adrian2",
  "tech_id": null,
  "tech_end_time": null,
  "main_planet_id": "ANY"
}