{
  "id": "ANY",
  "building_demolition": true,
  "building_end_time": "ANY",
  "building_queue": {
    "queue": [

    ]
  },
  "building_id": 100,
  "hangar_plus": false,
  "hangar_queue": null,
  "hangar_start_time": 0,
  "last_updated": "ANY",
  "planet_image": "terra-planet-2",
  "stardust": null,
  "planet_info": {
    "name": "Adrian Planet",
    "planet_type": 5,
    "planet_diameter": 13800,
    "temp_max": 60,
    "temp_min": 20,
    "fields_current": 1,
    "fields_max": 138,
    "coordinates": "1:1:7"
  },
  "resources": {
    "energy": {
      "used": 0,
      "max": 0,
      "free": 0
    },
    "titanium": {
      "amount": 1000,
      "production": 33,
      "storage": 10000
    },
    "auronium": {
      "amount": 1000,
      "production": 0,
      "storage": 10000
    },
    "hydrogen": {
      "amount": 1000,
      "production": 0,
      "storage": 10000
    }
  }
}