{
  "id": "ANY",
  "auronium": 967,
  "building_demolition": false,
  "building_end_time": "ANY",
  "building_queue": {
    "queue": [
      {
        "amount": 1,
        "unit_id": 100,
        "is_demolition": false,
        "level": 3,
        "building_end_time": "ANY"
      }
    ]
  },
  "building_id": 100,
  "energy": 37,
  "energy_max": 81,
  "energy_used": 44,
  "fields_current": 8,
  "fields_max": 100,
  "hangar_plus": false,
  "hangar_queue": [

  ],
  "hangar_start_time": null,
  "hydrogen": 999,
  "last_updated": "ANY",
  "name": "Adrian Planet",
  "planet_diameter": 100,
  "planet_image": "adrian_planet.jpg",
  "planet_type": 1,
  "stardust": 100,
  "temp_max": 100,
  "temp_min": 100,
  "titanium": 808,
  "titanium_storage": 20000,
  "auronium_storage": 20000,
  "hydrogen_storage": 10000
}