{
  "error": "You can not demolish building in queue"
}